[2025-11-07T02:54:14.541] [INFO] - .env file created from .env.example
[2025-11-07T02:54:14.545] [INFO] - 检测未配置 LOGIN_API_TOKEN, 写入初始化值 LOCAL_LOGIN_API_TOKEN=X4SEmGI-wbn5  => .env 

[2025-11-07T02:54:15.648] [INFO] - 🤖 wechatbot-webhook v2.8.2 🤖
[2025-11-07T02:54:15.944] [INFO] - ✨ 扫描以下二维码以登录 ✨
[2025-11-07T02:54:15.983] [INFO] - Or Access the URL to login: http://localhost:3001/login?token=X4SEmGI-wbn5
[2025-11-07T02:58:28.198] [INFO] - ✨ 扫描以下二维码以登录 ✨
[2025-11-07T02:58:28.221] [INFO] - Or Access the URL to login: http://localhost:3001/login?token=X4SEmGI-wbn5
[2025-11-07T02:58:41.910] [INFO] - 🌱 User Contact<really> logged in
[2025-11-07T02:58:41.910] [INFO] - 💬 你的推消息 api 为：http://localhost:3001/webhook/msg/v2?token=X4SEmGI-wbn5
[2025-11-07T02:58:41.910] [INFO] - 📖 发送消息结构 API 请参考: https://github.com/danni-cool/wechatbot-webhook?tab=readme-ov-file#%EF%B8%8F-api

[2025-11-07T02:58:42.521] [INFO] - Message: Message#Unknown[🗣Contact<really>]	
[2025-11-07T02:58:42.948] [INFO] - Message: Message#Unknown[🗣Contact<really>]	
[2025-11-07T02:58:42.948] [INFO] - Message: Message#Unknown[🗣Contact<really>]	
[2025-11-07T02:59:04.577] [INFO] - Message: Message#Text[🗣Contact<Athena_z>@👥Room<养基交流群>]	信澳cpi
[2025-11-07T02:59:05.597] [INFO] - Message: Message#Text[🗣Contact<Athena_z>@👥Room<养基交流群>]	i
[2025-11-07T02:59:07.588] [INFO] - Message: Message#Text[🗣Contact<熊>@👥Room<养基交流群>]	天孚的CPO基基本都红
[2025-11-07T02:59:07.589] [INFO] - Message: Message#Text[🗣Contact<Athena_z>@👥Room<养基交流群>]	红了
[2025-11-07T02:59:50.655] [INFO] - Message: Message#Text[🗣Contact<May~洋辰星>@👥Room<养基交流群>]	拉红了
[2025-11-07T02:59:51.271] [INFO] - Message: Message#Text[🗣Contact<卿如尘>@👥Room<养基交流群>]	pcb前面涨的不是蛮好
[2025-11-07T02:59:52.470] [INFO] - Message: Message#Text[🗣Contact<May~洋辰星>@👥Room<养基交流群>]	挺厉害的
[2025-11-07T02:59:56.215] [INFO] - Message: Message#Image[🗣Contact<宫本一马>@👥Room<养基交流群>]
[2025-11-07T03:00:06.275] [INFO] - Message: Message#Text[🗣Contact<宫本一马>@👥Room<养基交流群>]	这个是真牛逼
[2025-11-07T03:00:06.275] [INFO] - Message: Message#Image[🗣Contact<NAI>@👥Room<养基交流群>]
[2025-11-07T03:00:07.737] [INFO] - Message: Message#Text[🗣Contact<卿如尘>@👥Room<养基交流群>]	现在歇歇火，下周接着涨
[2025-11-07T03:00:08.371] [INFO] - Message: Message#Text[🗣Contact<幸運的Charlotte棒棒噠>@👥Room<养基交流群>]	财通怎么那么拉胯
[2025-11-07T03:00:11.191] [INFO] - Message: Message#Text[🗣Contact<六斤鱼>@👥Room<养基交流群>]	我快不绿了
[2025-11-07T03:00:15.697] [INFO] - Message: Message#Text[🗣Contact<卿如尘>@👥Room<养基交流群>]	「宫本一马：这个是真牛逼」
- - - - - - - - - - - - - - -
素
[2025-11-07T03:00:17.193] [INFO] - Message: Message#Text[🗣Contact<A小曹魔都甄选咨询13585530737>]	🔥徐汇区嘉善路地铁上盖🔥
面积：174平 单价4.39万 精装全配
三梯四户，全明户型，带双阳台
民用水电，物业费8元 前五年是4元
Ⓜ
[2025-11-07T03:00:18.781] [INFO] - Message: Message#Image[🗣Contact<六斤鱼>@👥Room<养基交流群>]
[2025-11-07T03:00:26.031] [INFO] - Message: Message#Emoticon[🗣Contact<六斤鱼>@👥Room<养基交流群>]
[2025-11-07T03:00:30.764] [INFO] - Message: Message#Text[🗣Contact<溪辰>@👥Room<养基交流群>]	现在缩量挑战新高
[2025-11-07T03:00:45.702] [INFO] - Message: Message#Text[🗣Contact<溪辰>@👥Room<养基交流群>]	我感觉是我cpo最后逃顶的机会
[2025-11-07T03:00:46.278] [INFO] - Message: Message#Text[🗣Contact<NAI>@👥Room<养基交流群>]	@六斤鱼 
[2025-11-07T03:00:49.057] [INFO] - Message: Message#Text[🗣Contact<NAI>@👥Room<养基交流群>]	我也快了
[2025-11-07T03:00:54.241] [INFO] - Message: Message#Text[🗣Contact<六斤鱼>@👥Room<养基交流群>]	15
[2025-11-07T03:00:56.857] [INFO] - Message: Message#Text[🗣Contact<溪辰>@👥Room<养基交流群>]	我卖了剩下1成仓了
[2025-11-07T03:00:58.604] [INFO] - Message: Message#Text[🗣Contact<溪辰>@👥Room<养基交流群>]	[捂脸]
[2025-11-07T03:01:08.219] [INFO] - Message: Message#Text[🗣Contact<白日梦想家>@👥Room<养基交流群>]	我红不了了
[2025-11-07T03:01:12.163] [INFO] - Message: Message#Text[🗣Contact<溪辰>@👥Room<养基交流群>]	Cpo卖了
[2025-11-07T03:01:18.826] [INFO] - Message: Message#Emoticon[🗣Contact<白日梦想家>@👥Room<养基交流群>]
[2025-11-07T03:01:19.838] [INFO] - Message: Message#Unknown[🗣Contact<really>]	
[2025-11-07T03:01:21.248] [INFO] - Message: Message#Unknown[🗣Contact<really>]	
[2025-11-07T03:01:25.025] [INFO] - Message: Message#Text[🗣Contact<金元宝>]	你好呀
[2025-11-07T03:01:30.768] [INFO] - Message: Message#Text[🗣Contact<卿如尘>@👥Room<养基交流群>]	红了0.04%
[2025-11-07T03:01:33.648] [INFO] - Message: Message#Text[🗣Contact<卿如尘>@👥Room<养基交流群>]	这对嘛
[2025-11-07T03:01:38.543] [INFO] - Message: Message#Text[🗣Contact<王天硕硕>@👥Room<养基交流群>]	e
[2025-11-07T03:01:39.664] [INFO] - Message: Message#Emoticon[🗣Contact<卿如尘>@👥Room<养基交流群>]
[2025-11-07T03:01:42.370] [INFO] - Message: Message#Text[🗣Contact<王天硕硕>@👥Room<养基交流群>]	额
[2025-11-07T03:01:43.194] [INFO] - Message: Message#Text[🗣Contact<卿如尘>@👥Room<养基交流群>]	鹅
[2025-11-07T03:02:08.757] [INFO] - Message: Message#Text[🗣Contact<六斤鱼>@👥Room<养基交流群>]	翻红了
[2025-11-07T03:02:12.868] [INFO] - Message: Message#Text[🗣Contact<王天硕硕>@👥Room<养基交流群>]	cpo卖啥
[2025-11-07T03:02:27.284] [INFO] - Message: Message#Image[🗣Contact<NAI>@👥Room<养基交流群>]
[2025-11-07T03:02:35.358] [INFO] - 调用 bot api 发送 消息 给 Contact<Ante>: 你好👋
[2025-11-07T03:02:39.059] [INFO] - Message: Message#Text[🗣Contact<Sorfinn 段>@👥Room<养基交流群>]	奶哥
[2025-11-07T03:02:48.323] [INFO] - Message: Message#Unknown[🗣Contact<really>]	
[2025-11-07T03:02:49.952] [INFO] - Message: Message#Unknown[🗣Contact<really>]	
[2025-11-07T03:02:52.271] [INFO] - Message: Message#Unknown[🗣Contact<really>]	
[2025-11-07T03:02:52.887] [INFO] - Message: Message#Unknown[🗣Contact<really>]	
[2025-11-07T03:02:52.888] [INFO] - Message: Message#Emoticon[🗣Contact<卿如尘>@👥Room<养基交流群>]
[2025-11-07T03:02:53.852] [INFO] - Message: Message#Unknown[🗣Contact<really>]	
[2025-11-07T03:02:54.343] [INFO] - Message: Message#Unknown[🗣Contact<really>]	
[2025-11-07T03:02:55.273] [INFO] - Message: Message#Unknown[🗣Contact<really>@👥Room<养基交流群>]	
[2025-11-07T03:02:56.045] [INFO] - Message: Message#Unknown[🗣Contact<really>@👥Room<养基交流群>]	
[2025-11-07T03:02:58.310] [INFO] - Message: Message#Unknown[🗣Contact<really>]	
[2025-11-07T03:02:58.311] [INFO] - Message: Message#Text[🗣Contact<善良是我本性@>@👥Room<养基交流群>]	CPO不是又红了
[2025-11-07T03:02:59.166] [INFO] - Message: Message#Unknown[🗣Contact<really>]	
[2025-11-07T03:03:00.241] [INFO] - Message: Message#Unknown[🗣Contact<really>]	
[2025-11-07T03:03:00.620] [INFO] - Message: Message#Unknown[🗣Contact<really>]	
[2025-11-07T03:03:04.321] [INFO] - Message: Message#Text[🗣Contact<NAI>@👥Room<养基交流群>]	@Sorfinn 段 咋了
[2025-11-07T03:03:05.852] [INFO] - Message: Message#Text[🗣Contact<卿如尘>@👥Room<养基交流群>]	是哒
[2025-11-07T03:03:10.953] [INFO] - Message: Message#Text[🗣Contact<善良是我本性@>@👥Room<养基交流群>]	散户能跑掉的点位都不是高点
[2025-11-07T03:03:15.961] [INFO] - Message: Message#Text[🗣Contact<单浩雨>]	哥，我是小张张红力的店长
[2025-11-07T03:03:20.347] [INFO] - Message: Message#Text[🗣Contact<善良是我本性@>@👥Room<养基交流群>]	高点是散户跑不掉才是
[2025-11-07T03:03:21.935] [INFO] - Message: Message#Text[🗣Contact<善良是我本性@>@👥Room<养基交流群>]	[捂脸]
[2025-11-07T03:03:30.190] [INFO] - Message: Message#Text[🗣Contact<在路上>@👥Room<养基交流群>]	对
[2025-11-07T03:03:34.658] [INFO] - Message: Message#Text[🗣Contact<善良是我本性@>@👥Room<养基交流群>]	天孚涨了15%
[2025-11-07T03:03:36.361] [INFO] - Message: Message#Text[🗣Contact<单浩雨>]	叔叔阿姨今天能过来看嘛
[2025-11-07T03:03:36.362] [INFO] - Message: Message#Text[🗣Contact<善良是我本性@>@👥Room<养基交流群>]	带起来了
[2025-11-07T03:03:41.987] [INFO] - Message: Message#Image[🗣Contact<王天硕硕>@👥Room<养基交流群>]
[2025-11-07T03:03:44.651] [INFO] - Message: Message#Text[🗣Contact<在路上>@👥Room<养基交流群>]	历史大顶散户跑不掉
[2025-11-07T03:03:44.652] [INFO] - Message: Message#Text[🗣Contact<善良是我本性@>@👥Room<养基交流群>]	三个大哥轮流带
[2025-11-07T03:04:03.670] [INFO] - Message: Message#Text[🗣Contact<在路上>@👥Room<养基交流群>]	三剑客
[2025-11-07T03:04:07.795] [INFO] - Message: Message#Text[🗣Contact<Sorfinn 段>@👥Room<养基交流群>]	「王天硕硕-七日战将：[图片]」
- - - - - - - - - - - - - - -
趋势哥，仓位一看就准备布局了
[2025-11-07T03:04:08.882] [INFO] - Message: Message#Text[🗣Contact<王天硕硕>@👥Room<养基交流群>]	今天还是跌的趋势就好了
[2025-11-07T03:04:12.447] [INFO] - Message: Message#Image[🗣Contact<卿如尘>@👥Room<养基交流群>]
[2025-11-07T03:04:18.800] [INFO] - Message: Message#Text[🗣Contact<卿如尘>@👥Room<养基交流群>]	好电啊
[2025-11-07T03:04:22.333] [INFO] - Message: Message#Text[🗣Contact<王天硕硕>@👥Room<养基交流群>]	还能再加点信澳
[2025-11-07T03:04:36.940] [INFO] - Message: Message#Text[🗣Contact<在路上>@👥Room<养基交流群>]	「垃基们，毁我青春：[图片]」
- - - - - - - - - - - - - - -
妹妹偷偷赚钱
[2025-11-07T03:04:42.010] [INFO] - Message: Message#Text[🗣Contact<卿如尘>@👥Room<养基交流群>]	「王天硕硕-七日战将：[图片]」
- - - - - - - - - - - - - - -
你红啦
[2025-11-07T03:04:48.045] [INFO] - Message: Message#Text[🗣Contact<王天硕硕>@👥Room<养基交流群>]	没红
[2025-11-07T03:04:48.046] [INFO] - Message: Message#Text[🗣Contact<卿如尘>@👥Room<养基交流群>]	「重仓猛干，浮盈加仓：妹妹偷偷赚钱」
- - - - - - - - - - - - - - -
没赚上
[2025-11-07T03:04:48.649] [INFO] - Message: Message#Emoticon[🗣Contact<卿如尘>@👥Room<养基交流群>]
[2025-11-07T03:04:55.258] [INFO] - Message: Message#Text[🗣Contact<卿如尘>@👥Room<养基交流群>]	马上的事
[2025-11-07T03:04:58.245] [INFO] - Message: Message#Text[🗣Contact<王天硕硕>@👥Room<养基交流群>]	亏个四十多块
[2025-11-07T03:05:02.011] [INFO] - Message: Message#Text[🗣Contact<王天硕硕>@👥Room<养基交流群>]	问题不大
[2025-11-07T03:05:09.914] [INFO] - Message: Message#Text[🗣Contact<王天硕硕>@👥Room<养基交流群>]	今天亏也没事
[2025-11-07T03:05:10.541] [INFO] - Message: Message#Text[🗣Contact<卿如尘>@👥Room<养基交流群>]	「重仓猛干，浮盈加仓：妹妹偷偷赚钱」
- - - - - - - - - - - - - - -
前面买的少哇，山顶上加多了
[2025-11-07T03:05:15.125] [INFO] - Message: Message#Emoticon[🗣Contact<宫本一马>@👥Room<养基交流群>]
[2025-11-07T03:05:29.400] [INFO] - Message: Message#Unknown[🗣Contact<really>]	
[2025-11-07T03:05:31.378] [INFO] - Message: Message#Text[🗣Contact<卿如尘>@👥Room<养基交流群>]	没事
[2025-11-07T03:05:32.188] [INFO] - Message: Message#Unknown[🗣Contact<really>]	
[2025-11-07T03:05:33.993] [INFO] - Message: Message#Unknown[🗣Contact<really>]	
[2025-11-07T03:05:39.598] [INFO] - Message: Message#Unknown[🗣Contact<really>]	
[2025-11-07T03:05:40.343] [INFO] - Message: Message#Unknown[🗣Contact<really>]	
[2025-11-07T03:05:42.983] [INFO] - Message: Message#Unknown[🗣Contact<really>]	
[2025-11-07T03:05:46.168] [INFO] - Message: Message#Unknown[🗣Contact<really>]	
[2025-11-07T03:05:46.978] [INFO] - Message: Message#Text[🗣Contact<NAI>@👥Room<养基交流群>]	还差327回本
[2025-11-07T03:05:54.304] [INFO] - Message: Message#Unknown[🗣Contact<really>]	
[2025-11-07T03:05:54.304] [INFO] - Message: Message#Emoticon[🗣Contact<￴🍞>@👥Room<养基交流群>]
[2025-11-07T03:06:01.233] [INFO] - Message: Message#Unknown[🗣Contact<really>]	
[2025-11-07T03:06:02.030] [INFO] - Message: Message#Unknown[🗣Contact<really>]	
[2025-11-07T03:06:13.855] [INFO] - Message: Message#Emoticon[🗣Contact<￴🍞>@👥Room<养基交流群>]
[2025-11-07T03:06:39.655] [INFO] - Message: Message#Text[🗣Contact<王天硕硕>@👥Room<养基交流群>]	红28块
[2025-11-07T03:06:44.005] [ERROR] - 
AssertionError: '1102' == 0

[2025-11-07T03:06:44.008] [INFO] - User Contact<really> logout
[2025-11-07T03:06:44.306] [INFO] - ✨ 扫描以下二维码以登录 ✨
[2025-11-07T03:06:44.315] [INFO] - Or Access the URL to login: http://localhost:3001/login?token=X4SEmGI-wbn5
[2025-11-07T03:11:49.585] [ERROR] - 
AssertionError: 400 != 400

[2025-11-07T03:11:49.872] [INFO] - ✨ 扫描以下二维码以登录 ✨
[2025-11-07T03:11:49.876] [INFO] - Or Access the URL to login: http://localhost:3001/login?token=X4SEmGI-wbn5
[2025-11-07T03:15:25.323] [INFO] - ✨ 扫描以下二维码以登录 ✨
[2025-11-07T03:15:25.332] [INFO] - Or Access the URL to login: http://localhost:3001/login?token=X4SEmGI-wbn5
[2025-11-07T03:15:38.889] [INFO] - 🌱 User Contact<really> logged in
[2025-11-07T03:15:38.889] [INFO] - 💬 你的推消息 api 为：http://localhost:3001/webhook/msg/v2?token=X4SEmGI-wbn5
[2025-11-07T03:15:38.889] [INFO] - 📖 发送消息结构 API 请参考: https://github.com/danni-cool/wechatbot-webhook?tab=readme-ov-file#%EF%B8%8F-api

[2025-11-07T03:15:39.567] [INFO] - Message: Message#Unknown[🗣Contact<really>]	
[2025-11-07T03:15:39.602] [INFO] - Message: Message#Emoticon[🗣Contact<@ff789c25c4582d588735be3ce005f4619f14d2c930198ed1824f501cbf16d58b>@👥Room<养基交流群>]
[2025-11-07T03:15:40.231] [INFO] - Message: Message#Unknown[🗣Contact<really>]	
[2025-11-07T03:15:43.501] [INFO] - Message: Message#Url[🗣Contact<微信团队>]
[2025-11-07T03:15:44.717] [INFO] - Message: Message#Url[🗣Contact<微信团队>]
[2025-11-07T03:15:46.049] [INFO] - Message: Message#Url[🗣Contact<微信团队>]
[2025-11-07T03:15:46.688] [INFO] - Message: Message#Unknown[🗣Contact<really>]	
[2025-11-07T03:15:46.688] [INFO] - Message: Message#Unknown[🗣Contact<really>]	
[2025-11-07T03:15:49.186] [WARN] - 03:15:49 WARN PuppetWechat4u contactRawPayload(AssertionError [ERR_ASSERTION]: 1101 == 0) wechat4u.batchGetContact() exception: undefined
[2025-11-07T03:15:51.232] [WARN] - 03:15:51 WARN PuppetWechat4u contactRawPayload(AssertionError [ERR_ASSERTION]: 1101 == 0) wechat4u.batchGetContact() exception: undefined
[2025-11-07T03:15:53.178] [WARN] - 03:15:53 WARN PuppetWechat4u contactRawPayload(AssertionError [ERR_ASSERTION]: 1101 == 0) wechat4u.batchGetContact() exception: undefined
[2025-11-07T03:15:55.226] [WARN] - 03:15:55 WARN PuppetWechat4u contactRawPayload(AssertionError [ERR_ASSERTION]: 1101 == 0) wechat4u.batchGetContact() exception: undefined
[2025-11-07T03:15:57.169] [WARN] - 03:15:57 WARN PuppetWechat4u contactRawPayload(AssertionError [ERR_ASSERTION]: 1101 == 0) wechat4u.batchGetContact() exception: undefined
[2025-11-07T03:16:12.325] [ERROR] - 
AssertionError: '1102' == 0

[2025-11-07T03:16:12.326] [INFO] - User Contact<really> logout
[2025-11-07T03:16:12.736] [INFO] - ✨ 扫描以下二维码以登录 ✨
[2025-11-07T03:16:12.745] [INFO] - Or Access the URL to login: http://localhost:3001/login?token=X4SEmGI-wbn5
[2025-11-07T03:18:16.436] [INFO] - ✨ 扫描以下二维码以登录 ✨
[2025-11-07T03:18:16.438] [INFO] - Or Access the URL to login: http://localhost:3001/login?token=X4SEmGI-wbn5
[2025-11-07T03:18:38.862] [ERROR] - 
AssertionError: 1100 == 0

[2025-11-07T03:18:39.055] [INFO] - ✨ 扫描以下二维码以登录 ✨
[2025-11-07T03:18:39.065] [INFO] - Or Access the URL to login: http://localhost:3001/login?token=X4SEmGI-wbn5
[2025-11-07T03:23:41.444] [ERROR] - 
AssertionError: 400 != 400

[2025-11-07T03:23:41.656] [INFO] - ✨ 扫描以下二维码以登录 ✨
[2025-11-07T03:23:41.665] [INFO] - Or Access the URL to login: http://localhost:3001/login?token=X4SEmGI-wbn5
[2025-11-07T03:28:44.416] [ERROR] - 
AssertionError: 400 != 400

[2025-11-07T03:28:44.631] [INFO] - ✨ 扫描以下二维码以登录 ✨
[2025-11-07T03:28:44.634] [INFO] - Or Access the URL to login: http://localhost:3001/login?token=X4SEmGI-wbn5
[2025-11-07T03:33:47.943] [ERROR] - 
AssertionError: 400 != 400

[2025-11-07T03:33:48.132] [INFO] - ✨ 扫描以下二维码以登录 ✨
[2025-11-07T03:33:48.135] [INFO] - Or Access the URL to login: http://localhost:3001/login?token=X4SEmGI-wbn5
[2025-11-07T03:38:50.617] [ERROR] - 
AssertionError: 400 != 400

[2025-11-07T03:38:50.720] [INFO] - ✨ 扫描以下二维码以登录 ✨
[2025-11-07T03:38:50.723] [INFO] - Or Access the URL to login: http://localhost:3001/login?token=X4SEmGI-wbn5
[2025-11-07T03:43:53.578] [ERROR] - 
AssertionError: 400 != 400

[2025-11-07T03:43:53.823] [INFO] - ✨ 扫描以下二维码以登录 ✨
[2025-11-07T03:43:53.834] [INFO] - Or Access the URL to login: http://localhost:3001/login?token=X4SEmGI-wbn5
[2025-11-07T03:48:56.385] [ERROR] - 
AssertionError: 400 != 400

[2025-11-07T03:48:56.576] [INFO] - ✨ 扫描以下二维码以登录 ✨
[2025-11-07T03:48:56.579] [INFO] - Or Access the URL to login: http://localhost:3001/login?token=X4SEmGI-wbn5
[2025-11-07T03:53:59.406] [ERROR] - 
AssertionError: 400 != 400

[2025-11-07T03:53:59.566] [INFO] - ✨ 扫描以下二维码以登录 ✨
[2025-11-07T03:53:59.569] [INFO] - Or Access the URL to login: http://localhost:3001/login?token=X4SEmGI-wbn5
[2025-11-07T03:59:02.531] [ERROR] - 
AssertionError: 400 != 400

[2025-11-07T03:59:02.633] [INFO] - ✨ 扫描以下二维码以登录 ✨
[2025-11-07T03:59:02.644] [INFO] - Or Access the URL to login: http://localhost:3001/login?token=X4SEmGI-wbn5
[2025-11-07T04:04:05.393] [ERROR] - 
AssertionError: 400 != 400

[2025-11-07T04:04:05.481] [INFO] - ✨ 扫描以下二维码以登录 ✨
[2025-11-07T04:04:05.489] [INFO] - Or Access the URL to login: http://localhost:3001/login?token=X4SEmGI-wbn5
[2025-11-07T04:09:08.492] [ERROR] - 
AssertionError: 400 != 400

[2025-11-07T04:09:08.713] [INFO] - ✨ 扫描以下二维码以登录 ✨
[2025-11-07T04:09:08.724] [INFO] - Or Access the URL to login: http://localhost:3001/login?token=X4SEmGI-wbn5
[2025-11-07T04:14:11.894] [ERROR] - 
AssertionError: 400 != 400

[2025-11-07T04:14:12.037] [INFO] - ✨ 扫描以下二维码以登录 ✨
[2025-11-07T04:14:12.040] [INFO] - Or Access the URL to login: http://localhost:3001/login?token=X4SEmGI-wbn5
[2025-11-07T04:19:14.994] [ERROR] - 
AssertionError: 400 != 400

[2025-11-07T04:19:15.196] [INFO] - ✨ 扫描以下二维码以登录 ✨
[2025-11-07T04:19:15.204] [INFO] - Or Access the URL to login: http://localhost:3001/login?token=X4SEmGI-wbn5
[2025-11-07T04:24:17.912] [ERROR] - 
AssertionError: 400 != 400

[2025-11-07T04:24:18.018] [INFO] - ✨ 扫描以下二维码以登录 ✨
[2025-11-07T04:24:18.021] [INFO] - Or Access the URL to login: http://localhost:3001/login?token=X4SEmGI-wbn5
[2025-11-07T04:29:20.523] [ERROR] - 
AssertionError: 400 != 400

[2025-11-07T04:29:20.733] [INFO] - ✨ 扫描以下二维码以登录 ✨
[2025-11-07T04:29:20.741] [INFO] - Or Access the URL to login: http://localhost:3001/login?token=X4SEmGI-wbn5
[2025-11-07T04:34:23.630] [ERROR] - 
AssertionError: 400 != 400

[2025-11-07T04:34:23.750] [INFO] - ✨ 扫描以下二维码以登录 ✨
[2025-11-07T04:34:23.761] [INFO] - Or Access the URL to login: http://localhost:3001/login?token=X4SEmGI-wbn5
[2025-11-07T04:39:26.426] [ERROR] - 
AssertionError: 400 != 400

[2025-11-07T04:39:26.544] [INFO] - ✨ 扫描以下二维码以登录 ✨
[2025-11-07T04:39:26.552] [INFO] - Or Access the URL to login: http://localhost:3001/login?token=X4SEmGI-wbn5
[2025-11-07T04:44:29.339] [ERROR] - 
AssertionError: 400 != 400

[2025-11-07T04:44:29.441] [INFO] - ✨ 扫描以下二维码以登录 ✨
[2025-11-07T04:44:29.449] [INFO] - Or Access the URL to login: http://localhost:3001/login?token=X4SEmGI-wbn5
[2025-11-07T04:49:32.146] [ERROR] - 
AssertionError: 400 != 400

[2025-11-07T04:49:32.259] [INFO] - ✨ 扫描以下二维码以登录 ✨
[2025-11-07T04:49:32.270] [INFO] - Or Access the URL to login: http://localhost:3001/login?token=X4SEmGI-wbn5
[2025-11-07T04:54:35.204] [ERROR] - 
AssertionError: 400 != 400

[2025-11-07T04:54:35.410] [INFO] - ✨ 扫描以下二维码以登录 ✨
[2025-11-07T04:54:35.420] [INFO] - Or Access the URL to login: http://localhost:3001/login?token=X4SEmGI-wbn5
[2025-11-07T04:59:38.526] [ERROR] - 
AssertionError: 400 != 400

[2025-11-07T04:59:38.615] [INFO] - ✨ 扫描以下二维码以登录 ✨
[2025-11-07T04:59:38.617] [INFO] - Or Access the URL to login: http://localhost:3001/login?token=X4SEmGI-wbn5
[2025-11-07T05:04:41.698] [ERROR] - 
AssertionError: 400 != 400

[2025-11-07T05:04:41.852] [INFO] - ✨ 扫描以下二维码以登录 ✨
[2025-11-07T05:04:41.860] [INFO] - Or Access the URL to login: http://localhost:3001/login?token=X4SEmGI-wbn5
[2025-11-07T05:09:44.870] [ERROR] - 
AssertionError: 400 != 400

[2025-11-07T05:09:44.974] [INFO] - ✨ 扫描以下二维码以登录 ✨
[2025-11-07T05:09:44.983] [INFO] - Or Access the URL to login: http://localhost:3001/login?token=X4SEmGI-wbn5
[2025-11-07T05:14:47.734] [ERROR] - 
AssertionError: 400 != 400

[2025-11-07T05:14:47.835] [INFO] - ✨ 扫描以下二维码以登录 ✨
[2025-11-07T05:14:47.840] [INFO] - Or Access the URL to login: http://localhost:3001/login?token=X4SEmGI-wbn5
[2025-11-07T05:19:50.627] [ERROR] - 
AssertionError: 400 != 400

[2025-11-07T05:19:50.739] [INFO] - ✨ 扫描以下二维码以登录 ✨
[2025-11-07T05:19:50.741] [INFO] - Or Access the URL to login: http://localhost:3001/login?token=X4SEmGI-wbn5
[2025-11-07T05:24:53.643] [ERROR] - 
AssertionError: 400 != 400

[2025-11-07T05:24:53.776] [INFO] - ✨ 扫描以下二维码以登录 ✨
[2025-11-07T05:24:53.784] [INFO] - Or Access the URL to login: http://localhost:3001/login?token=X4SEmGI-wbn5
[2025-11-07T05:29:56.435] [ERROR] - 
AssertionError: 400 != 400

[2025-11-07T05:29:56.640] [INFO] - ✨ 扫描以下二维码以登录 ✨
[2025-11-07T05:29:56.642] [INFO] - Or Access the URL to login: http://localhost:3001/login?token=X4SEmGI-wbn5
[2025-11-07T05:34:59.917] [ERROR] - 
AssertionError: 400 != 400

[2025-11-07T05:35:00.049] [INFO] - ✨ 扫描以下二维码以登录 ✨
[2025-11-07T05:35:00.057] [INFO] - Or Access the URL to login: http://localhost:3001/login?token=X4SEmGI-wbn5
[2025-11-07T05:40:03.191] [ERROR] - 
AssertionError: 400 != 400

[2025-11-07T05:40:03.361] [INFO] - ✨ 扫描以下二维码以登录 ✨
[2025-11-07T05:40:03.363] [INFO] - Or Access the URL to login: http://localhost:3001/login?token=X4SEmGI-wbn5
[2025-11-07T05:45:06.443] [ERROR] - 
AssertionError: 400 != 400

[2025-11-07T05:45:06.586] [INFO] - ✨ 扫描以下二维码以登录 ✨
[2025-11-07T05:45:06.597] [INFO] - Or Access the URL to login: http://localhost:3001/login?token=X4SEmGI-wbn5
[2025-11-07T05:50:09.595] [ERROR] - 
AssertionError: 400 != 400

[2025-11-07T05:50:09.799] [INFO] - ✨ 扫描以下二维码以登录 ✨
[2025-11-07T05:50:09.807] [INFO] - Or Access the URL to login: http://localhost:3001/login?token=X4SEmGI-wbn5
[2025-11-07T05:55:13.090] [ERROR] - 
AssertionError: 400 != 400

[2025-11-07T05:55:13.351] [INFO] - ✨ 扫描以下二维码以登录 ✨
[2025-11-07T05:55:13.353] [INFO] - Or Access the URL to login: http://localhost:3001/login?token=X4SEmGI-wbn5
[2025-11-07T06:00:16.379] [ERROR] - 
AssertionError: 400 != 400

[2025-11-07T06:00:16.492] [INFO] - ✨ 扫描以下二维码以登录 ✨
[2025-11-07T06:00:16.502] [INFO] - Or Access the URL to login: http://localhost:3001/login?token=X4SEmGI-wbn5
[2025-11-07T06:05:19.489] [ERROR] - 
AssertionError: 400 != 400

[2025-11-07T06:05:19.602] [INFO] - ✨ 扫描以下二维码以登录 ✨
[2025-11-07T06:05:19.605] [INFO] - Or Access the URL to login: http://localhost:3001/login?token=X4SEmGI-wbn5
[2025-11-07T06:10:22.023] [ERROR] - 
AssertionError: 400 != 400

[2025-11-07T06:10:22.226] [INFO] - ✨ 扫描以下二维码以登录 ✨
[2025-11-07T06:10:22.228] [INFO] - Or Access the URL to login: http://localhost:3001/login?token=X4SEmGI-wbn5
